=== 1/5 Counting and sorting n-grams ===
Reading stdin
----5---10---15---20---25---30---35---40---45---50---55---60---65---70---75---80---85---90---95--100
****************************************************************************************************
Unigram tokens 889381 types 49271
=== 2/5 Calculating and sorting adjusted counts ===
Chain sizes: 1:591252 2:267844208
Statistics:
1 49271 D1=0.648773 D2=0.977168 D3+=1.37194
2 389002 D1=0.75676 D2=1.10743 D3+=1.44499
Memory estimate for binary LM:
type      kB
probing 8088 assuming -p 1.5
probing 8281 assuming -r models -p 1.5
trie    3386 without quantization
trie    2295 assuming -q 8 -b 8 quantization 
trie    3386 assuming -a 22 array pointer compression
trie    2295 assuming -a 22 -q 8 -b 8 array pointer compression and quantization
=== 3/5 Calculating and sorting initial probabilities ===
Chain sizes: 1:591252 2:6224032
----5---10---15---20---25---30---35---40---45---50---55---60---65---70---75---80---85---90---95--100
----------------------------------------------------------------------------------------------------++++++++++++++++++++++++++++++++++++++++++++++++++++++++++++++++++++++++++++++++++++++++++++++++++++****************************************************************************************************####################################################################################################
=== 4/5 Calculating and writing order-interpolated probabilities ===
Chain sizes: 1:591252 2:6224032
----5---10---15---20---25---30---35---40---45---50---55---60---65---70---75---80---85---90---95--100
----------------------------------------------------------------------------------------------------++++++++++++++++++++++++++++++++++++++++++++++++++++++++++++++++++++++++++++++++++++++++++++++++++++****************************************************************************************************####################################################################################################
=== 5/5 Writing ARPA model ===
----5---10---15---20---25---30---35---40---45---50---55---60---65---70---75---80---85---90---95--100
----------------------------------------------------------------------------------------------------++++++++++++++++++++++++++++++++++++++++++++++++++++++++++++++++++++++++++++++++++++++++++++++++++++****************************************************************************************************
real:4
