=== 1/5 Counting and sorting n-grams ===
Reading stdin
----5---10---15---20---25---30---35---40---45---50---55---60---65---70---75---80---85---90---95--100
****************************************************************************************************
Unigram tokens 889381 types 49271
=== 2/5 Calculating and sorting adjusted counts ===
Chain sizes: 1:591252 2:26131142 3:48995892 4:78393424 5:114323752
Statistics:
1 49271 D1=0.648773 D2=0.977168 D3+=1.37194
2 389002 D1=0.780771 D2=1.13489 D3+=1.41892
3 707502 D1=0.898579 D2=1.307 D3+=1.54661
4 809396 D1=0.960757 D2=1.46924 D3+=1.70214
5 828629 D1=0.966686 D2=1.50977 D3+=1.54833
Memory estimate for binary LM:
type    MB
probing 59 assuming -p 1.5
probing 70 assuming -r models -p 1.5
trie    28 without quantization
trie    15 assuming -q 8 -b 8 quantization 
trie    25 assuming -a 22 array pointer compression
trie    12 assuming -a 22 -q 8 -b 8 array pointer compression and quantization
=== 3/5 Calculating and sorting initial probabilities ===
Chain sizes: 1:591252 2:6224032 3:14150040 4:19425504 5:23201612
----5---10---15---20---25---30---35---40---45---50---55---60---65---70---75---80---85---90---95--100
----------------------------------------------------------------------------------------------------++++++++++++++++++++++++++++++++++++++++++++++++++++++++++++++++++++++++++++++++++++++++++++++++++++****************************************************************************************************####################################################################################################
=== 4/5 Calculating and writing order-interpolated probabilities ===
Chain sizes: 1:591252 2:6224032 3:14150040 4:19425504 5:23201612
----5---10---15---20---25---30---35---40---45---50---55---60---65---70---75---80---85---90---95--100
----------------------------------------------------------------------------------------------------++++++++++++++++++++++++++++++++++++++++++++++++++++++++++++++++++++++++++++++++++++++++++++++++++++****************************************************************************************************####################################################################################################
=== 5/5 Writing ARPA model ===
----5---10---15---20---25---30---35---40---45---50---55---60---65---70---75---80---85---90---95--100
----------------------------------------------------------------------------------------------------++++++++++++++++++++++++++++++++++++++++++++++++++++++++++++++++++++++++++++++++++++++++++++++++++++****************************************************************************************************
real:27
